Archive member included to satisfy reference by file (symbol)

c:/ac6/systemworkbench/plugins/fr.ac6.mcu.externaltools.arm-none.win32_1.13.1.201701261202/tools/compiler/bin/../lib/gcc/arm-none-eabi/5.4.1/../../../../arm-none-eabi/lib/armv7e-m/fpu\libc_nano.a(lib_a-exit.o)
                              c:/ac6/systemworkbench/plugins/fr.ac6.mcu.externaltools.arm-none.win32_1.13.1.201701261202/tools/compiler/bin/../lib/gcc/arm-none-eabi/5.4.1/../../../../arm-none-eabi/lib/armv7e-m/fpu/crt0.o (exit)
c:/ac6/systemworkbench/plugins/fr.ac6.mcu.externaltools.arm-none.win32_1.13.1.201701261202/tools/compiler/bin/../lib/gcc/arm-none-eabi/5.4.1/../../../../arm-none-eabi/lib/armv7e-m/fpu\libc_nano.a(lib_a-impure.o)
                              c:/ac6/systemworkbench/plugins/fr.ac6.mcu.externaltools.arm-none.win32_1.13.1.201701261202/tools/compiler/bin/../lib/gcc/arm-none-eabi/5.4.1/../../../../arm-none-eabi/lib/armv7e-m/fpu\libc_nano.a(lib_a-exit.o) (_global_impure_ptr)
c:/ac6/systemworkbench/plugins/fr.ac6.mcu.externaltools.arm-none.win32_1.13.1.201701261202/tools/compiler/bin/../lib/gcc/arm-none-eabi/5.4.1/../../../../arm-none-eabi/lib/armv7e-m/fpu\libc_nano.a(lib_a-init.o)
                              c:/ac6/systemworkbench/plugins/fr.ac6.mcu.externaltools.arm-none.win32_1.13.1.201701261202/tools/compiler/bin/../lib/gcc/arm-none-eabi/5.4.1/../../../../arm-none-eabi/lib/armv7e-m/fpu/crt0.o (__libc_init_array)
c:/ac6/systemworkbench/plugins/fr.ac6.mcu.externaltools.arm-none.win32_1.13.1.201701261202/tools/compiler/bin/../lib/gcc/arm-none-eabi/5.4.1/../../../../arm-none-eabi/lib/armv7e-m/fpu\libc_nano.a(lib_a-memset.o)
                              c:/ac6/systemworkbench/plugins/fr.ac6.mcu.externaltools.arm-none.win32_1.13.1.201701261202/tools/compiler/bin/../lib/gcc/arm-none-eabi/5.4.1/../../../../arm-none-eabi/lib/armv7e-m/fpu/crt0.o (memset)
c:/ac6/systemworkbench/plugins/fr.ac6.mcu.externaltools.arm-none.win32_1.13.1.201701261202/tools/compiler/bin/../lib/gcc/arm-none-eabi/5.4.1/../../../../arm-none-eabi/lib/armv7e-m/fpu\libnosys.a(_exit.o)
                              c:/ac6/systemworkbench/plugins/fr.ac6.mcu.externaltools.arm-none.win32_1.13.1.201701261202/tools/compiler/bin/../lib/gcc/arm-none-eabi/5.4.1/../../../../arm-none-eabi/lib/armv7e-m/fpu\libc_nano.a(lib_a-exit.o) (_exit)

Allocating common symbols
Common symbol       size              file

uwTick              0x4               Drivers/STM32F4xx_HAL_Driver/stm32f4xx_hal.o
pFlash              0x20              Drivers/STM32F4xx_HAL_Driver/stm32f4xx_hal_flash.o
huart5              0x40              Application/User/main.o

Discarded input sections

 .text          0x00000000        0x0 c:/ac6/systemworkbench/plugins/fr.ac6.mcu.externaltools.arm-none.win32_1.13.1.201701261202/tools/compiler/bin/../lib/gcc/arm-none-eabi/5.4.1/armv7e-m/fpu/crti.o
 .data          0x00000000        0x0 c:/ac6/systemworkbench/plugins/fr.ac6.mcu.externaltools.arm-none.win32_1.13.1.201701261202/tools/compiler/bin/../lib/gcc/arm-none-eabi/5.4.1/armv7e-m/fpu/crti.o
 .bss           0x00000000        0x0 c:/ac6/systemworkbench/plugins/fr.ac6.mcu.externaltools.arm-none.win32_1.13.1.201701261202/tools/compiler/bin/../lib/gcc/arm-none-eabi/5.4.1/armv7e-m/fpu/crti.o
 .data          0x00000000        0x4 c:/ac6/systemworkbench/plugins/fr.ac6.mcu.externaltools.arm-none.win32_1.13.1.201701261202/tools/compiler/bin/../lib/gcc/arm-none-eabi/5.4.1/armv7e-m/fpu/crtbegin.o
 .text          0x00000000       0x74 c:/ac6/systemworkbench/plugins/fr.ac6.mcu.externaltools.arm-none.win32_1.13.1.201701261202/tools/compiler/bin/../lib/gcc/arm-none-eabi/5.4.1/../../../../arm-none-eabi/lib/armv7e-m/fpu/crt0.o
 .data          0x00000000        0x0 c:/ac6/systemworkbench/plugins/fr.ac6.mcu.externaltools.arm-none.win32_1.13.1.201701261202/tools/compiler/bin/../lib/gcc/arm-none-eabi/5.4.1/../../../../arm-none-eabi/lib/armv7e-m/fpu/crt0.o
 .bss           0x00000000        0x0 c:/ac6/systemworkbench/plugins/fr.ac6.mcu.externaltools.arm-none.win32_1.13.1.201701261202/tools/compiler/bin/../lib/gcc/arm-none-eabi/5.4.1/../../../../arm-none-eabi/lib/armv7e-m/fpu/crt0.o
 .ARM.extab     0x00000000        0x0 c:/ac6/systemworkbench/plugins/fr.ac6.mcu.externaltools.arm-none.win32_1.13.1.201701261202/tools/compiler/bin/../lib/gcc/arm-none-eabi/5.4.1/../../../../arm-none-eabi/lib/armv7e-m/fpu/crt0.o
 .ARM.exidx     0x00000000        0x8 c:/ac6/systemworkbench/plugins/fr.ac6.mcu.externaltools.arm-none.win32_1.13.1.201701261202/tools/compiler/bin/../lib/gcc/arm-none-eabi/5.4.1/../../../../arm-none-eabi/lib/armv7e-m/fpu/crt0.o
 .ARM.attributes
                0x00000000       0x20 c:/ac6/systemworkbench/plugins/fr.ac6.mcu.externaltools.arm-none.win32_1.13.1.201701261202/tools/compiler/bin/../lib/gcc/arm-none-eabi/5.4.1/../../../../arm-none-eabi/lib/armv7e-m/fpu/crt0.o
 .text          0x00000000       0x14 Application/SW4STM32/startup_stm32f405xx.o
[...]
Memory Configuration

Name             Origin             Length             Attributes
RAM              0x20000000         0x00020000         xrw
CCMRAM           0x10000000         0x00010000         rw
FLASH            0x08000000         0x00100000         xr
*default*        0x00000000         0xffffffff

Linker script and memory map

LOAD c:/ac6/systemworkbench/plugins/fr.ac6.mcu.externaltools.arm-none.win32_1.13.1.201701261202/tools/compiler/bin/../lib/gcc/arm-none-eabi/5.4.1/armv7e-m/fpu/crti.o
LOAD c:/ac6/systemworkbench/plugins/fr.ac6.mcu.externaltools.arm-none.win32_1.13.1.201701261202/tools/compiler/bin/../lib/gcc/arm-none-eabi/5.4.1/armv7e-m/fpu/crtbegin.o
LOAD c:/ac6/systemworkbench/plugins/fr.ac6.mcu.externaltools.arm-none.win32_1.13.1.201701261202/tools/compiler/bin/../lib/gcc/arm-none-eabi/5.4.1/../../../../arm-none-eabi/lib/armv7e-m/fpu/crt0.o
LOAD c:/ac6/systemworkbench/plugins/fr.ac6.mcu.externaltools.arm-none.win32_1.13.1.201701261202/tools/compiler/bin/../lib/gcc/arm-none-eabi/5.4.1/../../../../arm-none-eabi/lib/armv7e-m/fpu\libm.a
LOAD Application/SW4STM32/startup_stm32f405xx.o
LOAD Application/User/main.o
LOAD Application/User/stm32f4xx_hal_msp.o
LOAD Application/User/stm32f4xx_it.o
LOAD Drivers/CMSIS/system_stm32f4xx.o
LOAD Drivers/STM32F4xx_HAL_Driver/stm32f4xx_hal.o
LOAD Drivers/STM32F4xx_HAL_Driver/stm32f4xx_hal_cortex.o
LOAD Drivers/STM32F4xx_HAL_Driver/stm32f4xx_hal_dma.o
LOAD Drivers/STM32F4xx_HAL_Driver/stm32f4xx_hal_dma_ex.o
LOAD Drivers/STM32F4xx_HAL_Driver/stm32f4xx_hal_flash.o
LOAD Drivers/STM32F4xx_HAL_Driver/stm32f4xx_hal_flash_ex.o
LOAD Drivers/STM32F4xx_HAL_Driver/stm32f4xx_hal_flash_ramfunc.o
LOAD Drivers/STM32F4xx_HAL_Driver/stm32f4xx_hal_gpio.o
LOAD Drivers/STM32F4xx_HAL_Driver/stm32f4xx_hal_pwr.o
LOAD Drivers/STM32F4xx_HAL_Driver/stm32f4xx_hal_pwr_ex.o
LOAD Drivers/STM32F4xx_HAL_Driver/stm32f4xx_hal_rcc.o
LOAD Drivers/STM32F4xx_HAL_Driver/stm32f4xx_hal_rcc_ex.o
LOAD Drivers/STM32F4xx_HAL_Driver/stm32f4xx_hal_tim.o
LOAD Drivers/STM32F4xx_HAL_Driver/stm32f4xx_hal_tim_ex.o
LOAD Drivers/STM32F4xx_HAL_Driver/stm32f4xx_hal_uart.o
START GROUP
LOAD c:/ac6/systemworkbench/plugins/fr.ac6.mcu.externaltools.arm-none.win32_1.13.1.201701261202/tools/compiler/bin/../lib/gcc/arm-none-eabi/5.4.1/armv7e-m/fpu\libgcc.a
LOAD c:/ac6/systemworkbench/plugins/fr.ac6.mcu.externaltools.arm-none.win32_1.13.1.201701261202/tools/compiler/bin/../lib/gcc/arm-none-eabi/5.4.1/../../../../arm-none-eabi/lib/armv7e-m/fpu\libc_nano.a
END GROUP
START GROUP
LOAD c:/ac6/systemworkbench/plugins/fr.ac6.mcu.externaltools.arm-none.win32_1.13.1.201701261202/tools/compiler/bin/../lib/gcc/arm-none-eabi/5.4.1/armv7e-m/fpu\libgcc.a
LOAD c:/ac6/systemworkbench/plugins/fr.ac6.mcu.externaltools.arm-none.win32_1.13.1.201701261202/tools/compiler/bin/../lib/gcc/arm-none-eabi/5.4.1/../../../../arm-none-eabi/lib/armv7e-m/fpu\libc_nano.a
LOAD c:/ac6/systemworkbench/plugins/fr.ac6.mcu.externaltools.arm-none.win32_1.13.1.201701261202/tools/compiler/bin/../lib/gcc/arm-none-eabi/5.4.1/../../../../arm-none-eabi/lib/armv7e-m/fpu\libnosys.a
END GROUP
START GROUP
LOAD c:/ac6/systemworkbench/plugins/fr.ac6.mcu.externaltools.arm-none.win32_1.13.1.201701261202/tools/compiler/bin/../lib/gcc/arm-none-eabi/5.4.1/armv7e-m/fpu\libgcc.a
LOAD c:/ac6/systemworkbench/plugins/fr.ac6.mcu.externaltools.arm-none.win32_1.13.1.201701261202/tools/compiler/bin/../lib/gcc/arm-none-eabi/5.4.1/../../../../arm-none-eabi/lib/armv7e-m/fpu\libc_nano.a
LOAD c:/ac6/systemworkbench/plugins/fr.ac6.mcu.externaltools.arm-none.win32_1.13.1.201701261202/tools/compiler/bin/../lib/gcc/arm-none-eabi/5.4.1/../../../../arm-none-eabi/lib/armv7e-m/fpu\libnosys.a
END GROUP
LOAD c:/ac6/systemworkbench/plugins/fr.ac6.mcu.externaltools.arm-none.win32_1.13.1.201701261202/tools/compiler/bin/../lib/gcc/arm-none-eabi/5.4.1/armv7e-m/fpu/crtend.o
LOAD c:/ac6/systemworkbench/plugins/fr.ac6.mcu.externaltools.arm-none.win32_1.13.1.201701261202/tools/compiler/bin/../lib/gcc/arm-none-eabi/5.4.1/armv7e-m/fpu/crtn.o
                0x20020000                _estack = 0x20020000
                0x00000200                _Min_Heap_Size = 0x200
                0x00000400                _Min_Stack_Size = 0x400

.isr_vector     0x08000000      0x188
                0x08000000                . = ALIGN (0x4)
 *(.isr_vector)
 .isr_vector    0x08000000      0x188 Application/SW4STM32/startup_stm32f405xx.o
                0x08000000                g_pfnVectors
                0x08000188                . = ALIGN (0x4)

.text           0x08000188     0x12a4
                0x08000188                . = ALIGN (0x4)
 *(.text)
 .text          0x08000188       0x5c c:/ac6/systemworkbench/plugins/fr.ac6.mcu.externaltools.arm-none.win32_1.13.1.201701261202/tools/compiler/bin/../lib/gcc/arm-none-eabi/5.4.1/armv7e-m/fpu/crtbegin.o
 *(.text*)
 .text.Reset_Handler
                0x080001e4       0x50 Application/SW4STM32/startup_stm32f405xx.o
                0x080001e4                Reset_Handler
 .text.Default_Handler
                0x08000234        0x2 Application/SW4STM32/startup_stm32f405xx.o
                0x08000234                RTC_Alarm_IRQHandler
                0x08000234                HASH_RNG_IRQHandler
                0x08000234                EXTI2_IRQHandler
                0x08000234                TIM8_CC_IRQHandler
                0x08000234                TIM1_CC_IRQHandler
                0x08000234                DMA2_Stream5_IRQHandler
                0x08000234                DMA1_Stream5_IRQHandler
                0x08000234                PVD_IRQHandler
                0x08000234                SDIO_IRQHandler
                0x08000234                TAMP_STAMP_IRQHandler
                0x08000234                CAN2_RX1_IRQHandler
                0x08000234                EXTI3_IRQHandler
                0x08000234                TIM8_TRG_COM_TIM14_IRQHandler
                0x08000234                TIM1_UP_TIM10_IRQHandler
                0x08000234                TIM8_UP_TIM13_IRQHandler
                0x08000234                I2C3_ER_IRQHandler
                0x08000234                EXTI0_IRQHandler
                0x08000234                I2C2_EV_IRQHandler
                0x08000234                DMA1_Stream2_IRQHandler
                0x08000234                CAN1_RX0_IRQHandler
                0x08000234                FPU_IRQHandler
                0x08000234                OTG_HS_WKUP_IRQHandler
                0x08000234                CAN2_SCE_IRQHandler
                0x08000234                DMA2_Stream2_IRQHandler
                0x08000234                SPI1_IRQHandler
                0x08000234                TIM6_DAC_IRQHandler
                0x08000234                TIM1_BRK_TIM9_IRQHandler
                0x08000234                CAN2_RX0_IRQHandler
                0x08000234                DMA2_Stream3_IRQHandler
                0x08000234                USART6_IRQHandler
                0x08000234                USART3_IRQHandler
                0x08000234                CAN1_RX1_IRQHandler
                0x08000234                UART5_IRQHandler
                0x08000234                DMA2_Stream0_IRQHandler
                0x08000234                TIM4_IRQHandler
                0x08000234                I2C1_EV_IRQHandler
                0x08000234                DMA1_Stream6_IRQHandler
                0x08000234                DMA1_Stream1_IRQHandler
                0x08000234                UART4_IRQHandler
                0x08000234                TIM3_IRQHandler
                0x08000234                RCC_IRQHandler
                0x08000234                TIM8_BRK_TIM12_IRQHandler
                0x08000234                Default_Handler
                0x08000234                EXTI15_10_IRQHandler
                0x08000234                ADC_IRQHandler
                0x08000234                DMA1_Stream7_IRQHandler
                0x08000234                TIM7_IRQHandler
                0x08000234                CAN2_TX_IRQHandler
                0x08000234                TIM5_IRQHandler
                0x08000234                DMA2_Stream7_IRQHandler
                0x08000234                I2C3_EV_IRQHandler
                0x08000234                EXTI9_5_IRQHandler
                0x08000234                RTC_WKUP_IRQHandler
                0x08000234                SPI2_IRQHandler
                0x08000234                OTG_HS_EP1_IN_IRQHandler
                0x08000234                DMA1_Stream0_IRQHandler
                0x08000234                CAN1_TX_IRQHandler
                0x08000234                EXTI4_IRQHandler
                0x08000234                FSMC_IRQHandler
                0x08000234                OTG_HS_EP1_OUT_IRQHandler
                0x08000234                WWDG_IRQHandler
                0x08000234                TIM2_IRQHandler
                0x08000234                OTG_FS_WKUP_IRQHandler
                0x08000234                TIM1_TRG_COM_TIM11_IRQHandler
                0x08000234                OTG_HS_IRQHandler
                0x08000234                EXTI1_IRQHandler
                0x08000234                USART2_IRQHandler
                0x08000234                I2C2_ER_IRQHandler
                0x08000234                DMA2_Stream1_IRQHandler
                0x08000234                CAN1_SCE_IRQHandler
                0x08000234                FLASH_IRQHandler
                0x08000234                DMA2_Stream4_IRQHandler
                0x08000234                USART1_IRQHandler
                0x08000234                OTG_FS_IRQHandler
                0x08000234                SPI3_IRQHandler
                0x08000234                DMA1_Stream4_IRQHandler
                0x08000234                I2C1_ER_IRQHandler
                0x08000234                DMA2_Stream6_IRQHandler
                0x08000234                DMA1_Stream3_IRQHandler
 *fill*         0x08000236        0x2 
 .text.MX_GPIO_Init
                0x08000238       0x74 Application/User/main.o
 .text.Error_Handler
                0x080002ac        0x4 Application/User/main.o
                0x080002ac                Error_Handler
 .text.MX_UART5_Init
                0x080002b0       0x34 Application/User/main.o
 .text.SystemClock_Config
                0x080002e4       0xb8 Application/User/main.o
                0x080002e4                SystemClock_Config
 .text.main     0x0800039c       0x40 Application/User/main.o
                0x0800039c                main
 .text.HAL_MspInit
                0x080003dc       0x60 Application/User/stm32f4xx_hal_msp.o
                0x080003dc                HAL_MspInit
 .text.HAL_UART_MspInit
                0x0800043c       0x70 Application/User/stm32f4xx_hal_msp.o
                0x0800043c                HAL_UART_MspInit
 .text.NMI_Handler
                0x080004ac        0x4 Application/User/stm32f4xx_it.o
                0x080004ac                NMI_Handler
 .text.HardFault_Handler
                0x080004b0        0x4 Application/User/stm32f4xx_it.o
                0x080004b0                HardFault_Handler
 .text.MemManage_Handler
                0x080004b4        0x4 Application/User/stm32f4xx_it.o
                0x080004b4                MemManage_Handler
 .text.BusFault_Handler
                0x080004b8        0x4 Application/User/stm32f4xx_it.o
                0x080004b8                BusFault_Handler
 .text.UsageFault_Handler
                0x080004bc        0x4 Application/User/stm32f4xx_it.o
                0x080004bc                UsageFault_Handler
 .text.SVC_Handler
                0x080004c0        0x4 Application/User/stm32f4xx_it.o
                0x080004c0                SVC_Handler
 .text.DebugMon_Handler
                0x080004c4        0x4 Application/User/stm32f4xx_it.o
                0x080004c4                DebugMon_Handler
 .text.PendSV_Handler
                0x080004c8        0x4 Application/User/stm32f4xx_it.o
                0x080004c8                PendSV_Handler
 .text.SysTick_Handler
                0x080004cc        0xc Application/User/stm32f4xx_it.o
                0x080004cc                SysTick_Handler
 .text.SystemInit
                0x080004d8       0x4c Drivers/CMSIS/system_stm32f4xx.o
                0x080004d8                SystemInit
 .text.HAL_InitTick
                0x08000524       0x2c Drivers/STM32F4xx_HAL_Driver/stm32f4xx_hal.o
                0x08000524                HAL_InitTick
 .text.HAL_Init
                0x08000550       0x34 Drivers/STM32F4xx_HAL_Driver/stm32f4xx_hal.o
                0x08000550                HAL_Init
 .text.HAL_IncTick
                0x08000584       0x10 Drivers/STM32F4xx_HAL_Driver/stm32f4xx_hal.o
                0x08000584                HAL_IncTick
 .text.HAL_GetTick
                0x08000594        0xc Drivers/STM32F4xx_HAL_Driver/stm32f4xx_hal.o
                0x08000594                HAL_GetTick
 .text.HAL_Delay
                0x080005a0       0x24 Drivers/STM32F4xx_HAL_Driver/stm32f4xx_hal.o
                0x080005a0                HAL_Delay
 .text.HAL_NVIC_SetPriorityGrouping
                0x080005c4       0x24 Drivers/STM32F4xx_HAL_Driver/stm32f4xx_hal_cortex.o
                0x080005c4                HAL_NVIC_SetPriorityGrouping
 .text.HAL_NVIC_SetPriority
                0x080005e8       0x64 Drivers/STM32F4xx_HAL_Driver/stm32f4xx_hal_cortex.o
                0x080005e8                HAL_NVIC_SetPriority
 .text.HAL_SYSTICK_Config
                0x0800064c       0x2c Drivers/STM32F4xx_HAL_Driver/stm32f4xx_hal_cortex.o
                0x0800064c                HAL_SYSTICK_Config
 .text.HAL_SYSTICK_CLKSourceConfig
                0x08000678       0x20 Drivers/STM32F4xx_HAL_Driver/stm32f4xx_hal_cortex.o
                0x08000678                HAL_SYSTICK_CLKSourceConfig
 .text.HAL_SYSTICK_Callback
                0x08000698        0x4 Drivers/STM32F4xx_HAL_Driver/stm32f4xx_hal_cortex.o
                0x08000698                HAL_SYSTICK_Callback
 .text.HAL_SYSTICK_IRQHandler
                0x0800069c        0x8 Drivers/STM32F4xx_HAL_Driver/stm32f4xx_hal_cortex.o
                0x0800069c                HAL_SYSTICK_IRQHandler
 .text.HAL_GPIO_Init
                0x080006a4      0x1c0 Drivers/STM32F4xx_HAL_Driver/stm32f4xx_hal_gpio.o
                0x080006a4                HAL_GPIO_Init
 .text.HAL_RCC_OscConfig
                0x08000864      0x3c8 Drivers/STM32F4xx_HAL_Driver/stm32f4xx_hal_rcc.o
                0x08000864                HAL_RCC_OscConfig
 .text.HAL_RCC_GetSysClockFreq
                0x08000c2c       0xa4 Drivers/STM32F4xx_HAL_Driver/stm32f4xx_hal_rcc.o
                0x08000c2c                HAL_RCC_GetSysClockFreq
 .text.HAL_RCC_ClockConfig
                0x08000cd0      0x1b0 Drivers/STM32F4xx_HAL_Driver/stm32f4xx_hal_rcc.o
                0x08000cd0                HAL_RCC_ClockConfig
 .text.HAL_RCC_GetHCLKFreq
                0x08000e80        0xc Drivers/STM32F4xx_HAL_Driver/stm32f4xx_hal_rcc.o
                0x08000e80                HAL_RCC_GetHCLKFreq
 .text.HAL_RCC_GetPCLK1Freq
                0x08000e8c       0x30 Drivers/STM32F4xx_HAL_Driver/stm32f4xx_hal_rcc.o
                0x08000e8c                HAL_RCC_GetPCLK1Freq
 .text.HAL_RCC_GetPCLK2Freq
                0x08000ebc       0x30 Drivers/STM32F4xx_HAL_Driver/stm32f4xx_hal_rcc.o
                0x08000ebc                HAL_RCC_GetPCLK2Freq
 .text.UART_SetConfig
                0x08000eec      0x32c Drivers/STM32F4xx_HAL_Driver/stm32f4xx_hal_uart.o
 .text.UART_WaitOnFlagUntilTimeout
                0x08001218       0x68 Drivers/STM32F4xx_HAL_Driver/stm32f4xx_hal_uart.o
 .text.HAL_UART_Init
                0x08001280       0x64 Drivers/STM32F4xx_HAL_Driver/stm32f4xx_hal_uart.o
                0x08001280                HAL_UART_Init
 .text.HAL_UART_Transmit
                0x080012e4       0xe4 Drivers/STM32F4xx_HAL_Driver/stm32f4xx_hal_uart.o
                0x080012e4                HAL_UART_Transmit
 .text.__libc_init_array
                0x080013c8       0x4c c:/ac6/systemworkbench/plugins/fr.ac6.mcu.externaltools.arm-none.win32_1.13.1.201701261202/tools/compiler/bin/../lib/gcc/arm-none-eabi/5.4.1/../../../../arm-none-eabi/lib/armv7e-m/fpu\libc_nano.a(lib_a-init.o)
                0x080013c8                __libc_init_array
 *(.glue_7)
 .glue_7        0x08001414        0x0 linker stubs
 *(.glue_7t)
 .glue_7t       0x08001414        0x0 linker stubs
 *(.eh_frame)
 .eh_frame      0x08001414        0x0 c:/ac6/systemworkbench/plugins/fr.ac6.mcu.externaltools.arm-none.win32_1.13.1.201701261202/tools/compiler/bin/../lib/gcc/arm-none-eabi/5.4.1/armv7e-m/fpu/crtbegin.o
 *(.init)
 .init          0x08001414        0x4 c:/ac6/systemworkbench/plugins/fr.ac6.mcu.externaltools.arm-none.win32_1.13.1.201701261202/tools/compiler/bin/../lib/gcc/arm-none-eabi/5.4.1/armv7e-m/fpu/crti.o
                0x08001414                _init
 .init          0x08001418        0x8 c:/ac6/systemworkbench/plugins/fr.ac6.mcu.externaltools.arm-none.win32_1.13.1.201701261202/tools/compiler/bin/../lib/gcc/arm-none-eabi/5.4.1/armv7e-m/fpu/crtn.o
 *(.fini)
 .fini          0x08001420        0x4 c:/ac6/systemworkbench/plugins/fr.ac6.mcu.externaltools.arm-none.win32_1.13.1.201701261202/tools/compiler/bin/../lib/gcc/arm-none-eabi/5.4.1/armv7e-m/fpu/crti.o
                0x08001420                _fini
 .fini          0x08001424        0x8 c:/ac6/systemworkbench/plugins/fr.ac6.mcu.externaltools.arm-none.win32_1.13.1.201701261202/tools/compiler/bin/../lib/gcc/arm-none-eabi/5.4.1/armv7e-m/fpu/crtn.o
                0x0800142c                . = ALIGN (0x4)
                0x0800142c                _etext = .

.vfp11_veneer   0x0800142c        0x0
 .vfp11_veneer  0x0800142c        0x0 linker stubs

.v4_bx          0x0800142c        0x0
 .v4_bx         0x0800142c        0x0 linker stubs

.iplt           0x0800142c        0x0
 .iplt          0x0800142c        0x0 c:/ac6/systemworkbench/plugins/fr.ac6.mcu.externaltools.arm-none.win32_1.13.1.201701261202/tools/compiler/bin/../lib/gcc/arm-none-eabi/5.4.1/armv7e-m/fpu/crtbegin.o

.rodata         0x0800142c       0x20
                0x0800142c                . = ALIGN (0x4)
 *(.rodata)
 .rodata        0x0800142c        0x6 Application/User/main.o
 *fill*         0x08001432        0x2 
 .rodata        0x08001434       0x18 Drivers/CMSIS/system_stm32f4xx.o
                0x08001434                AHBPrescTable
                0x08001444                APBPrescTable
 *(.rodata*)
                0x0800144c                . = ALIGN (0x4)

.rel.dyn        0x0800144c        0x0
 .rel.iplt      0x0800144c        0x0 c:/ac6/systemworkbench/plugins/fr.ac6.mcu.externaltools.arm-none.win32_1.13.1.201701261202/tools/compiler/bin/../lib/gcc/arm-none-eabi/5.4.1/armv7e-m/fpu/crtbegin.o

.ARM.extab
 *(.ARM.extab* .gnu.linkonce.armextab.*)

.ARM            0x0800144c        0x0
                0x0800144c                __exidx_start = .
 *(.ARM.exidx*)
                0x0800144c                __exidx_end = .

.preinit_array  0x0800144c        0x0
                0x0800144c                PROVIDE (__preinit_array_start, .)
 *(.preinit_array*)
                0x0800144c                PROVIDE (__preinit_array_end, .)

.init_array     0x0800144c        0x4
                0x0800144c                PROVIDE (__init_array_start, .)
 *(SORT(.init_array.*))
 *(.init_array*)
 .init_array    0x0800144c        0x4 c:/ac6/systemworkbench/plugins/fr.ac6.mcu.externaltools.arm-none.win32_1.13.1.201701261202/tools/compiler/bin/../lib/gcc/arm-none-eabi/5.4.1/armv7e-m/fpu/crtbegin.o
                0x08001450                PROVIDE (__init_array_end, .)

.fini_array     0x08001450        0x4
                [!provide]                PROVIDE (__fini_array_start, .)
 *(SORT(.fini_array.*))
 *(.fini_array*)
 .fini_array    0x08001450        0x4 c:/ac6/systemworkbench/plugins/fr.ac6.mcu.externaltools.arm-none.win32_1.13.1.201701261202/tools/compiler/bin/../lib/gcc/arm-none-eabi/5.4.1/armv7e-m/fpu/crtbegin.o
                [!provide]                PROVIDE (__fini_array_end, .)
                0x08001454                _sidata = LOADADDR (.data)

.data           0x20000000        0x4 load address 0x08001454
                0x20000000                . = ALIGN (0x4)
                0x20000000                _sdata = .
 *(.data)
 .data          0x20000000        0x4 Drivers/CMSIS/system_stm32f4xx.o
                0x20000000                SystemCoreClock
 *(.data*)
                0x20000004                . = ALIGN (0x4)
                0x20000004                _edata = .
                0x08001458                _siccmram = LOADADDR (.ccmram)

.jcr            0x20000004        0x0 load address 0x08001458
 .jcr           0x20000004        0x0 c:/ac6/systemworkbench/plugins/fr.ac6.mcu.externaltools.arm-none.win32_1.13.1.201701261202/tools/compiler/bin/../lib/gcc/arm-none-eabi/5.4.1/armv7e-m/fpu/crtbegin.o

.igot.plt       0x20000004        0x0 load address 0x08001458
 .igot.plt      0x20000004        0x0 c:/ac6/systemworkbench/plugins/fr.ac6.mcu.externaltools.arm-none.win32_1.13.1.201701261202/tools/compiler/bin/../lib/gcc/arm-none-eabi/5.4.1/armv7e-m/fpu/crtbegin.o

.ccmram         0x10000000        0x0 load address 0x08001458
                0x10000000                . = ALIGN (0x4)
                0x10000000                _sccmram = .
 *(.ccmram)
 *(.ccmram*)
                0x10000000                . = ALIGN (0x4)
                0x10000000                _eccmram = .
                0x10000000                . = ALIGN (0x4)

.bss            0x20000004       0x60
                0x20000004                _sbss = .
                0x20000004                __bss_start__ = _sbss
 *(.bss)
 .bss           0x20000004       0x1c c:/ac6/systemworkbench/plugins/fr.ac6.mcu.externaltools.arm-none.win32_1.13.1.201701261202/tools/compiler/bin/../lib/gcc/arm-none-eabi/5.4.1/armv7e-m/fpu/crtbegin.o
 *(.bss*)
 *(COMMON)
 COMMON         0x20000020       0x40 Application/User/main.o
                0x20000020                huart5
 COMMON         0x20000060        0x4 Drivers/STM32F4xx_HAL_Driver/stm32f4xx_hal.o
                0x20000060                uwTick
                0x20000064                . = ALIGN (0x4)
                0x20000064                _ebss = .
                0x20000064                __bss_end__ = _ebss

._user_heap_stack
                0x20000064      0x604
                0x20000068                . = ALIGN (0x8)
 *fill*         0x20000064        0x4 
                [!provide]                PROVIDE (end, .)
                [!provide]                PROVIDE (_end, .)
                0x20000268                . = (. + _Min_Heap_Size)
 *fill*         0x20000068      0x200 
                0x20000668                . = (. + _Min_Stack_Size)
 *fill*         0x20000268      0x400 
                0x20000668                . = ALIGN (0x8)

/DISCARD/
 libc.a(*)
 libm.a(*)
 libgcc.a(*)

.ARM.attributes
                0x00000000       0x30
 *(.ARM.attributes)
 .ARM.attributes
                0x00000000       0x22 c:/ac6/systemworkbench/plugins/fr.ac6.mcu.externaltools.arm-none.win32_1.13.1.201701261202/tools/compiler/bin/../lib/gcc/arm-none-eabi/5.4.1/armv7e-m/fpu/crti.o
 .ARM.attributes
                0x00000022       0x34 c:/ac6/systemworkbench/plugins/fr.ac6.mcu.externaltools.arm-none.win32_1.13.1.201701261202/tools/compiler/bin/../lib/gcc/arm-none-eabi/5.4.1/armv7e-m/fpu/crtbegin.o
 .ARM.attributes
                0x00000056       0x21 Application/SW4STM32/startup_stm32f405xx.o
 .ARM.attributes
                0x00000077       0x39 Application/User/main.o
 .ARM.attributes
                0x000000b0       0x39 Application/User/stm32f4xx_hal_msp.o
 .ARM.attributes
                0x000000e9       0x39 Application/User/stm32f4xx_it.o
 .ARM.attributes
                0x00000122       0x39 Drivers/CMSIS/system_stm32f4xx.o
 .ARM.attributes
                0x0000015b       0x39 Drivers/STM32F4xx_HAL_Driver/stm32f4xx_hal.o
 .ARM.attributes
                0x00000194       0x39 Drivers/STM32F4xx_HAL_Driver/stm32f4xx_hal_cortex.o
 .ARM.attributes
                0x000001cd       0x39 Drivers/STM32F4xx_HAL_Driver/stm32f4xx_hal_gpio.o
 .ARM.attributes
                0x00000206       0x39 Drivers/STM32F4xx_HAL_Driver/stm32f4xx_hal_rcc.o
 .ARM.attributes
                0x0000023f       0x39 Drivers/STM32F4xx_HAL_Driver/stm32f4xx_hal_uart.o
 .ARM.attributes
                0x00000278       0x34 c:/ac6/systemworkbench/plugins/fr.ac6.mcu.externaltools.arm-none.win32_1.13.1.201701261202/tools/compiler/bin/../lib/gcc/arm-none-eabi/5.4.1/../../../../arm-none-eabi/lib/armv7e-m/fpu\libc_nano.a(lib_a-init.o)
 .ARM.attributes
                0x000002ac       0x22 c:/ac6/systemworkbench/plugins/fr.ac6.mcu.externaltools.arm-none.win32_1.13.1.201701261202/tools/compiler/bin/../lib/gcc/arm-none-eabi/5.4.1/armv7e-m/fpu/crtn.o
OUTPUT(UARTtest.elf elf32-littlearm)

.debug_line     0x00000000     0x578c
 .debug_line    0x00000000       0xa8 Application/SW4STM32/startup_stm32f405xx.o
 .debug_line    0x000000a8      0x806 Application/User/main.o
 .debug_line    0x000008ae      0x7d6 Application/User/stm32f4xx_hal_msp.o
 .debug_line    0x00001084      0x828 Application/User/stm32f4xx_it.o
 .debug_line    0x000018ac      0x7c3 Drivers/CMSIS/system_stm32f4xx.o
 .debug_line    0x0000206f      0x94a Drivers/STM32F4xx_HAL_Driver/stm32f4xx_hal.o
 .debug_line    0x000029b9      0x9a7 Drivers/STM32F4xx_HAL_Driver/stm32f4xx_hal_cortex.o
 .debug_line    0x00003360      0x921 Drivers/STM32F4xx_HAL_Driver/stm32f4xx_hal_gpio.o
 .debug_line    0x00003c81      0xac7 Drivers/STM32F4xx_HAL_Driver/stm32f4xx_hal_rcc.o
 .debug_line    0x00004748     0x1044 Drivers/STM32F4xx_HAL_Driver/stm32f4xx_hal_uart.o

.debug_info     0x00000000     0x632b
 .debug_info    0x00000000       0xb1 Application/SW4STM32/startup_stm32f405xx.o
 .debug_info    0x000000b1      0xd47 Application/User/main.o
 .debug_info    0x00000df8      0xbec Application/User/stm32f4xx_hal_msp.o
 .debug_info    0x000019e4      0x173 Application/User/stm32f4xx_it.o
 .debug_info    0x00001b57      0x500 Drivers/CMSIS/system_stm32f4xx.o
 .debug_info    0x00002057      0x916 Drivers/STM32F4xx_HAL_Driver/stm32f4xx_hal.o
 .debug_info    0x0000296d      0xefb Drivers/STM32F4xx_HAL_Driver/stm32f4xx_hal_cortex.o
 .debug_info    0x00003868      0x72a Drivers/STM32F4xx_HAL_Driver/stm32f4xx_hal_gpio.o
 .debug_info    0x00003f92      0xce5 Drivers/STM32F4xx_HAL_Driver/stm32f4xx_hal_rcc.o
 .debug_info    0x00004c77     0x16b4 Drivers/STM32F4xx_HAL_Driver/stm32f4xx_hal_uart.o

.debug_abbrev   0x00000000     0x11d0
 .debug_abbrev  0x00000000       0x12 Application/SW4STM32/startup_stm32f405xx.o
 .debug_abbrev  0x00000012      0x208 Application/User/main.o
 .debug_abbrev  0x0000021a      0x1a0 Application/User/stm32f4xx_hal_msp.o
 .debug_abbrev  0x000003ba       0xcc Application/User/stm32f4xx_it.o
 .debug_abbrev  0x00000486      0x104 Drivers/CMSIS/system_stm32f4xx.o
 .debug_abbrev  0x0000058a      0x25c Drivers/STM32F4xx_HAL_Driver/stm32f4xx_hal.o
 .debug_abbrev  0x000007e6      0x2fe Drivers/STM32F4xx_HAL_Driver/stm32f4xx_hal_cortex.o
 .debug_abbrev  0x00000ae4      0x1cd Drivers/STM32F4xx_HAL_Driver/stm32f4xx_hal_gpio.o
 .debug_abbrev  0x00000cb1      0x2b0 Drivers/STM32F4xx_HAL_Driver/stm32f4xx_hal_rcc.o
 .debug_abbrev  0x00000f61      0x26f Drivers/STM32F4xx_HAL_Driver/stm32f4xx_hal_uart.o

.debug_aranges  0x00000000      0x540
 .debug_aranges
                0x00000000       0x28 Application/SW4STM32/startup_stm32f405xx.o
 .debug_aranges
                0x00000028       0x40 Application/User/main.o
 .debug_aranges
                0x00000068       0x30 Application/User/stm32f4xx_hal_msp.o
 .debug_aranges
                0x00000098       0x60 Application/User/stm32f4xx_it.o
 .debug_aranges
                0x000000f8       0x28 Drivers/CMSIS/system_stm32f4xx.o
 .debug_aranges
                0x00000120       0xc8 Drivers/STM32F4xx_HAL_Driver/stm32f4xx_hal.o
 .debug_aranges
                0x000001e8       0xa8 Drivers/STM32F4xx_HAL_Driver/stm32f4xx_hal_cortex.o
 .debug_aranges
                0x00000290       0x58 Drivers/STM32F4xx_HAL_Driver/stm32f4xx_hal_gpio.o
 .debug_aranges
                0x000002e8       0x88 Drivers/STM32F4xx_HAL_Driver/stm32f4xx_hal_rcc.o
 .debug_aranges
                0x00000370      0x1d0 Drivers/STM32F4xx_HAL_Driver/stm32f4xx_hal_uart.o

.debug_ranges   0x00000000      0x4a8
 .debug_ranges  0x00000000       0x20 Application/SW4STM32/startup_stm32f405xx.o
 .debug_ranges  0x00000020       0x30 Application/User/main.o
 .debug_ranges  0x00000050       0x20 Application/User/stm32f4xx_hal_msp.o
 .debug_ranges  0x00000070       0x50 Application/User/stm32f4xx_it.o
 .debug_ranges  0x000000c0       0x18 Drivers/CMSIS/system_stm32f4xx.o
 .debug_ranges  0x000000d8       0xb8 Drivers/STM32F4xx_HAL_Driver/stm32f4xx_hal.o
 .debug_ranges  0x00000190       0x98 Drivers/STM32F4xx_HAL_Driver/stm32f4xx_hal_cortex.o
 .debug_ranges  0x00000228       0x48 Drivers/STM32F4xx_HAL_Driver/stm32f4xx_hal_gpio.o
 .debug_ranges  0x00000270       0x78 Drivers/STM32F4xx_HAL_Driver/stm32f4xx_hal_rcc.o
 .debug_ranges  0x000002e8      0x1c0 Drivers/STM32F4xx_HAL_Driver/stm32f4xx_hal_uart.o

.debug_macro    0x00000000    0x1e055
 .debug_macro   0x00000000      0x2fa Application/User/main.o
 .debug_macro   0x000002fa      0x898 Application/User/main.o
 .debug_macro   0x00000b92      0x17a Application/User/main.o
 .debug_macro   0x00000d0c       0x33 Application/User/main.o
 .debug_macro   0x00000d3f       0x28 Application/User/main.o
 .debug_macro   0x00000d67       0x22 Application/User/main.o
 .debug_macro   0x00000d89       0x87 Application/User/main.o
 .debug_macro   0x00000e10       0x44 Application/User/main.o
 .debug_macro   0x00000e54       0xfd Application/User/main.o
 .debug_macro   0x00000f51       0x5e Application/User/main.o
 .debug_macro   0x00000faf      0x1df Application/User/main.o
 .debug_macro   0x0000118e       0x35 Application/User/main.o
 .debug_macro   0x000011c3       0x50 Application/User/main.o
 .debug_macro   0x00001213      0xe66 Application/User/main.o
 .debug_macro   0x00002079    0x14219 Application/User/main.o
 .debug_macro   0x00016292       0x43 Application/User/main.o
 .debug_macro   0x000162d5     0x3574 Application/User/main.o
 .debug_macro   0x00019849       0x52 Application/User/main.o
 .debug_macro   0x0001989b       0x35 Application/User/main.o
 .debug_macro   0x000198d0       0x9c Application/User/main.o
 .debug_macro   0x0001996c       0x16 Application/User/main.o
 .debug_macro   0x00019982       0x97 Application/User/main.o
 .debug_macro   0x00019a19      0x30d Application/User/main.o
 .debug_macro   0x00019d26       0xfd Application/User/main.o
 .debug_macro   0x00019e23       0x10 Application/User/main.o
 .debug_macro   0x00019e33       0x52 Application/User/main.o
 .debug_macro   0x00019e85       0x1f Application/User/main.o
 .debug_macro   0x00019ea4       0x43 Application/User/main.o
 .debug_macro   0x00019ee7       0x20 Application/User/main.o
 .debug_macro   0x00019f07      0x187 Application/User/main.o
 .debug_macro   0x0001a08e       0x10 Application/User/main.o
 .debug_macro   0x0001a09e       0x1c Application/User/main.o
 .debug_macro   0x0001a0ba       0x52 Application/User/main.o
 .debug_macro   0x0001a10c       0x40 Application/User/main.o
 .debug_macro   0x0001a14c       0x10 Application/User/main.o
 .debug_macro   0x0001a15c       0x40 Application/User/main.o
 .debug_macro   0x0001a19c       0xd7 Application/User/main.o
 .debug_macro   0x0001a273       0x16 Application/User/main.o
 .debug_macro   0x0001a289      0x18b Application/User/main.o
 .debug_macro   0x0001a414       0x50 Application/User/main.o
 .debug_macro   0x0001a464      0x8a7 Application/User/main.o
 .debug_macro   0x0001ad0b      0x9e1 Application/User/main.o
 .debug_macro   0x0001b6ec      0x11e Application/User/main.o
 .debug_macro   0x0001b80a      0x130 Application/User/main.o
 .debug_macro   0x0001b93a       0x27 Application/User/main.o
 .debug_macro   0x0001b961      0x287 Application/User/main.o
 .debug_macro   0x0001bbe8       0x5f Application/User/main.o
 .debug_macro   0x0001bc47      0x23a Application/User/main.o
 .debug_macro   0x0001be81      0x133 Application/User/main.o
 .debug_macro   0x0001bfb4      0x21e Application/User/main.o
 .debug_macro   0x0001c1d2       0x2e Application/User/main.o
 .debug_macro   0x0001c200      0x11e Application/User/main.o
 .debug_macro   0x0001c31e       0x7f Application/User/main.o
 .debug_macro   0x0001c39d       0x89 Application/User/main.o
 .debug_macro   0x0001c426      0x287 Application/User/main.o
 .debug_macro   0x0001c6ad      0x125 Application/User/main.o
 .debug_macro   0x0001c7d2      0x2f6 Application/User/stm32f4xx_hal_msp.o
 .debug_macro   0x0001cac8      0x300 Application/User/stm32f4xx_it.o
 .debug_macro   0x0001cdc8      0x2fc Drivers/CMSIS/system_stm32f4xx.o
 .debug_macro   0x0001d0c4      0x356 Drivers/STM32F4xx_HAL_Driver/stm32f4xx_hal.o
 .debug_macro   0x0001d41a      0x2f6 Drivers/STM32F4xx_HAL_Driver/stm32f4xx_hal_cortex.o
 .debug_macro   0x0001d710      0x32e Drivers/STM32F4xx_HAL_Driver/stm32f4xx_hal_gpio.o
 .debug_macro   0x0001da3e      0x320 Drivers/STM32F4xx_HAL_Driver/stm32f4xx_hal_rcc.o
 .debug_macro   0x0001dd5e      0x2f7 Drivers/STM32F4xx_HAL_Driver/stm32f4xx_hal_uart.o

.debug_str      0x00000000    0xb0ecf
 .debug_str     0x00000000    0xaf8f3 Application/User/main.o
                              0xafbf3 (size before relaxing)
 .debug_str     0x000af8f3      0x11c Application/User/stm32f4xx_hal_msp.o
                              0xafab0 (size before relaxing)
 .debug_str     0x000afa0f      0x103 Application/User/stm32f4xx_it.o
                              0xaf08c (size before relaxing)
 .debug_str     0x000afb12      0x113 Drivers/CMSIS/system_stm32f4xx.o
                              0xaf1be (size before relaxing)
 .debug_str     0x000afc25      0x570 Drivers/STM32F4xx_HAL_Driver/stm32f4xx_hal.o
                              0xafc5f (size before relaxing)
 .debug_str     0x000b0195      0x36b Drivers/STM32F4xx_HAL_Driver/stm32f4xx_hal_cortex.o
                              0xafa27 (size before relaxing)
 .debug_str     0x000b0500      0x232 Drivers/STM32F4xx_HAL_Driver/stm32f4xx_hal_gpio.o
                              0xaf3d6 (size before relaxing)
 .debug_str     0x000b0732      0x238 Drivers/STM32F4xx_HAL_Driver/stm32f4xx_hal_rcc.o
                              0xaf5d3 (size before relaxing)
 .debug_str     0x000b096a      0x565 Drivers/STM32F4xx_HAL_Driver/stm32f4xx_hal_uart.o
                              0xafa1b (size before relaxing)

.comment        0x00000000       0x6e
 .comment       0x00000000       0x6e Application/User/main.o
                                 0x6f (size before relaxing)
 .comment       0x0000006e       0x6f Application/User/stm32f4xx_hal_msp.o
 .comment       0x0000006e       0x6f Application/User/stm32f4xx_it.o
 .comment       0x0000006e       0x6f Drivers/CMSIS/system_stm32f4xx.o
 .comment       0x0000006e       0x6f Drivers/STM32F4xx_HAL_Driver/stm32f4xx_hal.o
 .comment       0x0000006e       0x6f Drivers/STM32F4xx_HAL_Driver/stm32f4xx_hal_cortex.o
 .comment       0x0000006e       0x6f Drivers/STM32F4xx_HAL_Driver/stm32f4xx_hal_gpio.o
 .comment       0x0000006e       0x6f Drivers/STM32F4xx_HAL_Driver/stm32f4xx_hal_rcc.o
 .comment       0x0000006e       0x6f Drivers/STM32F4xx_HAL_Driver/stm32f4xx_hal_uart.o

.debug_frame    0x00000000      0xbdc
 .debug_frame   0x00000000       0x84 Application/User/main.o
 .debug_frame   0x00000084       0x6c Application/User/stm32f4xx_hal_msp.o
 .debug_frame   0x000000f0       0xa8 Application/User/stm32f4xx_it.o
 .debug_frame   0x00000198       0x30 Drivers/CMSIS/system_stm32f4xx.o
 .debug_frame   0x000001c8      0x198 Drivers/STM32F4xx_HAL_Driver/stm32f4xx_hal.o
 .debug_frame   0x00000360      0x154 Drivers/STM32F4xx_HAL_Driver/stm32f4xx_hal_cortex.o
 .debug_frame   0x000004b4       0xc4 Drivers/STM32F4xx_HAL_Driver/stm32f4xx_hal_gpio.o
 .debug_frame   0x00000578      0x150 Drivers/STM32F4xx_HAL_Driver/stm32f4xx_hal_rcc.o
 .debug_frame   0x000006c8      0x4e8 Drivers/STM32F4xx_HAL_Driver/stm32f4xx_hal_uart.o
 .debug_frame   0x00000bb0       0x2c c:/ac6/systemworkbench/plugins/fr.ac6.mcu.externaltools.arm-none.win32_1.13.1.201701261202/tools/compiler/bin/../lib/gcc/arm-none-eabi/5.4.1/../../../../arm-none-eabi/lib/armv7e-m/fpu\libc_nano.a(lib_a-init.o)

.debug_loc      0x00000000     0x2483
 .debug_loc     0x00000000       0x4d Application/User/stm32f4xx_hal_msp.o
 .debug_loc     0x0000004d      0x132 Drivers/CMSIS/system_stm32f4xx.o
 .debug_loc     0x0000017f       0x91 Drivers/STM32F4xx_HAL_Driver/stm32f4xx_hal.o
 .debug_loc     0x00000210      0x548 Drivers/STM32F4xx_HAL_Driver/stm32f4xx_hal_cortex.o
 .debug_loc     0x00000758      0x38f Drivers/STM32F4xx_HAL_Driver/stm32f4xx_hal_gpio.o
 .debug_loc     0x00000ae7      0x622 Drivers/STM32F4xx_HAL_Driver/stm32f4xx_hal_rcc.o
 .debug_loc     0x00001109     0x137a Drivers/STM32F4xx_HAL_Driver/stm32f4xx_hal_uart.o
